         U abort@GLIBC_2.4
         U __aeabi_atexit@CXXABI_ARM_1.3.3
         U __aeabi_unwind_cpp_pr1@GCC_3.5
000118c0 r all_implied_fbits
00011a5c r all_implied_fbits
00022138 B __bss_end__
00022138 B _bss_end__
0002208c B __bss_start
0002208c B __bss_start__
00010a70 t call_weak_fn
         U close@GLIBC_2.4
00022120 b completed.0
         U connect@GLIBC_2.4
00022088 D cp
00022080 D __data_start
00022080 W data_start
00010a94 t deregister_tm_clones
00010af8 t __do_global_dtors_aux
00021efc d __do_global_dtors_aux_fini_array_entry
00022084 D __dso_handle
00021f00 d _DYNAMIC
0002208c D _edata
00022138 B __end__
00022138 B _end
         U fflush@GLIBC_2.4
000118b4 T _fini
         U fprintf@GLIBC_2.4
00010b20 t frame_dummy
00021ef0 d __frame_dummy_init_array_entry
00011bcc r __FRAME_END__
         U free@GLIBC_2.4
         U fwrite@GLIBC_2.4
00022000 d _GLOBAL_OFFSET_TABLE_
00011834 t _GLOBAL__sub_I_main
0001174c t _GLOBAL__sub_I_sendDataPacket
         w __gmon_start__
0002212c B g_pNetwork
         U htons@GLIBC_2.4
         U inet_addr@GLIBC_2.4
000108c4 T _init
00021efc d __init_array_end
00021ef0 d __init_array_start
000118bc R _IO_stdin_used
         w _ITM_deregisterTMCloneTable
         w _ITM_registerTMCloneTable
000118b0 T __libc_csu_fini
00011850 T __libc_csu_init
         U __libc_start_main@GLIBC_2.4
00011768 T main
         U malloc@GLIBC_2.4
         U memcpy@GLIBC_2.4
         U memset@GLIBC_2.4
         U perror@GLIBC_2.4
         U recv@GLIBC_2.4
00010ac0 t register_tm_clones
         U select@GLIBC_2.4
00022124 B sendDataPacket
         U send@GLIBC_2.4
         U setsockopt@GLIBC_2.4
         U socket@GLIBC_2.4
00010a34 T _start
0002211c B stdout@GLIBC_2.4
0002208c D __TMC_END__
00011520 T _Z10initClientv
00010b24 T _Z10makePackethhj
00011660 T _Z10termClientv
000116c0 T _Z11closesocketj
000112b0 T _Z11recv_binaryP7IO_PORTlPc
000110d0 T _Z11send_binaryP7IO_PORTlPv
00010f24 T _Z11send_packetP7IO_PORTlP12HEADERPACKET
000113d4 T _Z13create_socketv
000116e8 t _Z41__static_initialization_and_destruction_0ii
000117d0 t _Z41__static_initialization_and_destruction_0ii
00010b94 T _Z6__sendP7IO_PORTPvi
00010d58 t _ZL6__recvP7IO_PORTPvi
00011a3c r _ZN9__gnu_cxxL21__default_lock_policyE
         U _ZNSolsEi@GLIBCXX_3.4
         U _ZNSolsEl@GLIBCXX_3.4
         U _ZNSolsEPFRSoS_E@GLIBCXX_3.4
         U _ZNSt8ios_base4InitC1Ev@GLIBCXX_3.4
         U _ZNSt8ios_base4InitD1Ev@GLIBCXX_3.4
00022090 B _ZSt4cout@GLIBCXX_3.4
         U _ZSt4endlIcSt11char_traitsIcEERSt13basic_ostreamIT_T0_ES6_@GLIBCXX_3.4
00011a40 r _ZStL13allocator_arg
00011950 r _ZStL19piecewise_construct
00011a38 r _ZStL19piecewise_construct
00011a44 r _ZStL6ignore
00022130 b _ZStL8__ioinit
00022134 b _ZStL8__ioinit
         U _ZStlsISt11char_traitsIcEERSt13basic_ostreamIcT_ES5_PKc@GLIBCXX_3.4
