         U abort@GLIBC_2.4
         U accept@GLIBC_2.4
         U __aeabi_atexit@CXXABI_ARM_1.3.3
         U __aeabi_unwind_cpp_pr1@GCC_3.5
00012b14 r all_implied_fbits
00012ec4 r all_implied_fbits
         U bind@GLIBC_2.4
00024174 B __bss_end__
00024174 B _bss_end__
000240cc B __bss_start
000240cc B __bss_start__
00010d94 t call_weak_fn
         U close@GLIBC_2.4
00024160 b completed.0
000240b4 D __data_start
000240b4 W data_start
00010db8 t deregister_tm_clones
00010e1c t __do_global_dtors_aux
00023efc d __do_global_dtors_aux_fini_array_entry
000240b8 D __dso_handle
00023f00 d _DYNAMIC
000240cc D _edata
00024174 B __end__
00024174 B _end
         U __errno_location@GLIBC_2.4
         U fflush@GLIBC_2.4
00012b08 T _fini
         U fopen@GLIBC_2.4
         U fprintf@GLIBC_2.4
00010e44 t frame_dummy
00023eec d __frame_dummy_init_array_entry
000130a8 r __FRAME_END__
         U free@GLIBC_2.4
         U fwrite@GLIBC_2.4
00024000 d _GLOBAL_OFFSET_TABLE_
0001280c t _GLOBAL__sub_I_g_pNetwork
00012a88 t _GLOBAL__sub_I_main
0001299c t _GLOBAL__sub_I_parser_desp
         w __gmon_start__
00024164 B g_pNetwork
         U htonl@GLIBC_2.4
         U htons@GLIBC_2.4
00010b4c T _init
00023efc d __init_array_end
00023eec d __init_array_start
00012b10 R _IO_stdin_used
         w _ITM_deregisterTMCloneTable
         w _ITM_registerTMCloneTable
00012b04 T __libc_csu_fini
00012aa4 T __libc_csu_init
         U __libc_start_main@GLIBC_2.4
         U listen@GLIBC_2.4
000129b8 T main
         U malloc@GLIBC_2.4
         U memcpy@GLIBC_2.4
         U memset@GLIBC_2.4
000240bc D parser_desp
         U pthread_create@GLIBC_2.4
         U pthread_detach@GLIBC_2.4
         U pthread_join@GLIBC_2.4
         U pthread_mutex_init@GLIBC_2.4
         U pthread_self@GLIBC_2.4
         U recv@GLIBC_2.4
00010de4 t register_tm_clones
         U select@GLIBC_2.4
         U send@GLIBC_2.4
         U setsockopt@GLIBC_2.4
         U sleep@GLIBC_2.4
         U socket@GLIBC_2.4
00010d58 T _start
0002415c B stdout@GLIBC_2.4
         U strerror@GLIBC_2.4
000240cc D __TMC_END__
         U usleep@GLIBC_2.4
00012828 T _Z10cmd_parser7IO_PORTP12HEADERPACKET
00012150 T _Z10initServerv
000123e8 T _Z10termServerv
000115e0 T _Z11bind_socketji
00012564 T _Z11closesocketj
00011348 T _Z11recv_binaryP7IO_PORTlPh
000111a0 T _Z11send_binaryP7IO_PORTlPc
00011494 T _Z13create_socketv
00012604 T _Z15video_data_sendP12HEADERPACKET
000127a8 t _Z41__static_initialization_and_destruction_0ii
00012938 t _Z41__static_initialization_and_destruction_0ii
00012a24 t _Z41__static_initialization_and_destruction_0ii
000128f0 T _Z4testP12HEADERPACKET
0001258c T _Z9print_bufPhi
0001176c t _ZL19ClientServiceThreadPv
00010fd4 t _ZL6__recvP7IO_PORTPvi
00010e48 t _ZL6__sendP7IO_PORTPci
00011c3c t _ZL9listenThdPv
00012ea4 r _ZN9__gnu_cxxL21__default_lock_policyE
         U _Znaj@GLIBCXX_3.4
         U _ZNSolsEi@GLIBCXX_3.4
         U _ZNSolsEPFRSoS_E@GLIBCXX_3.4
         U _ZNSolsEPKv@GLIBCXX_3.4
         U _ZNSt8ios_base4InitC1Ev@GLIBCXX_3.4
         U _ZNSt8ios_base4InitD1Ev@GLIBCXX_3.4
000240d0 B _ZSt4cout@GLIBCXX_3.4
         U _ZSt4endlIcSt11char_traitsIcEERSt13basic_ostreamIT_T0_ES6_@GLIBCXX_3.4
00012ea8 r _ZStL13allocator_arg
00012ba4 r _ZStL19piecewise_construct
00012e8c r _ZStL19piecewise_construct
00012ea0 r _ZStL19piecewise_construct
00012eac r _ZStL6ignore
00024168 b _ZStL8__ioinit
0002416c b _ZStL8__ioinit
00024170 b _ZStL8__ioinit
         U _ZStlsISt11char_traitsIcEERSt13basic_ostreamIcT_ES5_h@GLIBCXX_3.4
         U _ZStlsISt11char_traitsIcEERSt13basic_ostreamIcT_ES5_PKc@GLIBCXX_3.4
